../Core/Src/bno055.c:33:6:bno055_iic_write_byte	32	static
../Core/Src/bno055.c:38:6:bno055_iic_read_byte	24	static
../Core/Src/bno055.c:42:6:_setPage	8	static
../Core/Src/bno055.c:47:6:_setMode	8	static
../Core/Src/bno055.c:52:6:_config	8	static
../Core/Src/bno055.c:72:6:_set_mode	8	static
../Core/Src/bno055.c:77:10:bno055_init	16	static
../Core/Src/bno055.c:121:6:bno055_get_Accel_XYZ	16	static
../Core/Src/bno055.c:143:6:bno055_get_Gyro_XYZ	16	static
../Core/Src/bno055.c:159:6:bno055_get_Euler_XYZ	16	static
../Core/Src/bno055.c:175:6:bno055_get_Qua_XYZ	16	static
