../Core/Src/control.c:84:13:motor1_power	0	static
../Core/Src/control.c:90:13:motor2_power	0	static
../Core/Src/control.c:96:13:motor3_power	0	static
../Core/Src/control.c:102:13:motor4_power	0	static
../Core/Src/control.c:31:6:init_control	0	static
../Core/Src/control.c:64:7:duty_to_thrust	8	static
../Core/Src/control.c:74:7:servo_duty_to_thrust	8	static
../Core/Src/control.c:114:6:calibrate_esc	16	static
../Core/Src/control.c:144:6:init_esc	8	static
../Core/Src/control.c:339:7:PID_Measure	0	static
../Core/Src/control.c:172:6:motor_control	24	static
../Core/Src/control.c:202:6:motor_control_debug	16	static
../Core/Src/control.c:401:6:init_servo	8	static
../Core/Src/control.c:407:6:servo_separate	8	static
../Core/Src/control.c:413:6:servo_revert	8	static
