../Core/Src/LoRa.c:19:6:newLoRa	0	static
../Core/Src/LoRa.c:42:6:LoRa_reset	8	static
../Core/Src/LoRa.c:104:6:LoRa_readReg	24	static
../Core/Src/LoRa.c:130:6:LoRa_writeReg	24	static
../Core/Src/LoRa.c:278:9:LoRa_read	24	static
../Core/Src/LoRa.c:301:6:LoRa_write	24	static
../Core/Src/LoRa.c:60:6:LoRa_gotoMode	16	static
../Core/Src/LoRa.c:152:6:LoRa_setFrequency	16	static
../Core/Src/LoRa.c:185:6:LoRa_setSpreadingFactor	16	static
../Core/Src/LoRa.c:213:6:LoRa_setPower	8	static
../Core/Src/LoRa.c:229:6:LoRa_setOCP	8	static
../Core/Src/LoRa.c:257:6:LoRa_setTOMsb_setCRCon	8	static
../Core/Src/LoRa.c:323:6:LoRa_BurstWrite	24	static
../Core/Src/LoRa.c:351:9:LoRa_isvalid	0	static
../Core/Src/LoRa.c:368:9:LoRa_transmit	24	static
../Core/Src/LoRa.c:406:6:LoRa_startReceiving	8	static
../Core/Src/LoRa.c:422:9:LoRa_receive	24	static
../Core/Src/LoRa.c:455:5:LoRa_getRSSI	8	static
../Core/Src/LoRa.c:471:10:LoRa_init	16	static
