../Core/Src/stm32g4xx_it.c:78:6:NMI_Handler	0	static
../Core/Src/stm32g4xx_it.c:93:6:HardFault_Handler	0	static
../Core/Src/stm32g4xx_it.c:108:6:MemManage_Handler	0	static
../Core/Src/stm32g4xx_it.c:123:6:BusFault_Handler	0	static
../Core/Src/stm32g4xx_it.c:138:6:UsageFault_Handler	0	static
../Core/Src/stm32g4xx_it.c:153:6:DebugMon_Handler	0	static
../Core/Src/stm32g4xx_it.c:173:6:I2C2_EV_IRQHandler	8	static
../Core/Src/stm32g4xx_it.c:187:6:USART1_IRQHandler	8	static
../Core/Src/stm32g4xx_it.c:201:6:USART2_IRQHandler	8	static
../Core/Src/stm32g4xx_it.c:215:6:USART3_IRQHandler	8	static
../Core/Src/stm32g4xx_it.c:229:6:EXTI15_10_IRQHandler	8	static
../Core/Src/stm32g4xx_it.c:243:6:TIM6_DAC_IRQHandler	8	static
../Core/Src/stm32g4xx_it.c:257:6:I2C3_EV_IRQHandler	8	static
