../Core/Src/system.c:389:14:calculateAltitude	8	static
../Core/Src/system.c:51:6:readTime	8	static
../Core/Src/system.c:363:6:wink	8	static
../Core/Src/system.c:371:6:initBarometer	24	static
../Core/Src/system.c:444:7:kalmanFilter	0	static
../Core/Src/system.c:398:6:readAltitude	24	static
../Core/Src/system.c:476:6:readIMU	48	static
../Core/Src/system.c:561:6:offsetIMU	24	static
../Core/Src/system.c:456:6:initIMU	16	static
../Core/Src/system.c:593:6:initGPS	8	static
../Core/Src/system.c:601:6:readGPS	8	static
../Core/Src/system.c:608:7:getVoltage	8	static
../Core/Src/system.c:65:6:create_packet	16	static
../Core/Src/system.c:221:6:create_packet2	224	static
../Core/Src/system.c:655:6:loraTransmit	8	static
../Core/Src/system.c:667:6:loraRecevice	8	static
../Core/Src/system.c:709:6:writeSD	16	static
../Core/Src/system.c:728:6:buzzer	8	static
../Core/Src/system.c:347:6:openingThemeSong	8	static
../Core/Src/system.c:615:6:initLoRa	24	static
../Core/Src/system.c:685:6:initSD	8	static
../Core/Src/system.c:738:6:led	8	static
