../Drivers/STM32G4xx_HAL_Driver/Src/stm32g4xx_hal_flash_ex.c:533:13:FLASH_MassErase	0	static
../Drivers/STM32G4xx_HAL_Driver/Src/stm32g4xx_hal_flash_ex.c:1191:13:FLASH_OB_GetSecMem	0	static
../Drivers/STM32G4xx_HAL_Driver/Src/stm32g4xx_hal_flash_ex.c:1217:17:FLASH_OB_GetBootLock	0	static
../Drivers/STM32G4xx_HAL_Driver/Src/stm32g4xx_hal_flash_ex.c:1236:13:FLASH_OB_GetWRP	0	static
../Drivers/STM32G4xx_HAL_Driver/Src/stm32g4xx_hal_flash_ex.c:1275:17:FLASH_OB_GetRDP	0	static
../Drivers/STM32G4xx_HAL_Driver/Src/stm32g4xx_hal_flash_ex.c:1303:17:FLASH_OB_GetUser	0	static
../Drivers/STM32G4xx_HAL_Driver/Src/stm32g4xx_hal_flash_ex.c:1322:13:FLASH_OB_GetPCROP	12	static
../Drivers/STM32G4xx_HAL_Driver/Src/stm32g4xx_hal_flash_ex.c:667:26:FLASH_OB_WRPConfig	16	static
../Drivers/STM32G4xx_HAL_Driver/Src/stm32g4xx_hal_flash_ex.c:732:26:FLASH_OB_RDPConfig	8	static
../Drivers/STM32G4xx_HAL_Driver/Src/stm32g4xx_hal_flash_ex.c:779:26:FLASH_OB_UserConfig	16	static
../Drivers/STM32G4xx_HAL_Driver/Src/stm32g4xx_hal_flash_ex.c:985:26:FLASH_OB_PCROPConfig	16	static
../Drivers/STM32G4xx_HAL_Driver/Src/stm32g4xx_hal_flash_ex.c:1103:26:FLASH_OB_SecMemConfig	16	static
../Drivers/STM32G4xx_HAL_Driver/Src/stm32g4xx_hal_flash_ex.c:1156:26:FLASH_OB_BootLockConfig	8	static
../Drivers/STM32G4xx_HAL_Driver/Src/stm32g4xx_hal_flash_ex.c:310:19:HAL_FLASHEx_OBProgram	16	static
../Drivers/STM32G4xx_HAL_Driver/Src/stm32g4xx_hal_flash_ex.c:399:6:HAL_FLASHEx_OBGetConfig	8	static
../Drivers/STM32G4xx_HAL_Driver/Src/stm32g4xx_hal_flash_ex.c:459:19:HAL_FLASHEx_EnableSecMemProtection	0	static
../Drivers/STM32G4xx_HAL_Driver/Src/stm32g4xx_hal_flash_ex.c:493:6:HAL_FLASHEx_EnableDebugger	0	static
../Drivers/STM32G4xx_HAL_Driver/Src/stm32g4xx_hal_flash_ex.c:505:6:HAL_FLASHEx_DisableDebugger	0	static
../Drivers/STM32G4xx_HAL_Driver/Src/stm32g4xx_hal_flash_ex.c:578:6:FLASH_PageErase	0	static
../Drivers/STM32G4xx_HAL_Driver/Src/stm32g4xx_hal_flash_ex.c:237:19:HAL_FLASHEx_Erase_IT	8	static
../Drivers/STM32G4xx_HAL_Driver/Src/stm32g4xx_hal_flash_ex.c:613:6:FLASH_FlushCaches	0	static
../Drivers/STM32G4xx_HAL_Driver/Src/stm32g4xx_hal_flash_ex.c:138:19:HAL_FLASHEx_Erase	24	static
